2025-02-05 23:06:56,843 - masks - DEBUG - Номер карты: 7000792289606361
2025-02-05 23:06:56,847 - masks - INFO - Сгенерирована маска номера карты: 7000 79** **** 6361
2025-02-05 23:06:56,847 - masks - DEBUG - Номер карты: 7000
2025-02-05 23:06:56,847 - masks - INFO - Сгенерирована маска номера карты: 7000
2025-02-05 23:06:56,849 - masks - DEBUG - Номер карты: 786900
2025-02-05 23:06:56,849 - masks - INFO - Сгенерирована маска номера карты: 7869 00
2025-02-05 23:06:56,849 - masks - DEBUG - Номер карты: 
2025-02-05 23:06:56,849 - masks - INFO - Сгенерирована маска номера карты: 
2025-02-05 23:06:56,852 - masks - DEBUG - Номер карты: 123456789012
2025-02-05 23:06:56,852 - masks - INFO - Сгенерирована маска номера карты: 1234 56** 9012
2025-02-05 23:06:56,854 - masks - DEBUG - Получен номер счета: 123456789012
2025-02-05 23:06:56,854 - masks - INFO - Сгенерирована маска номера счета: **9012
2025-02-05 23:06:56,854 - masks - DEBUG - Получен номер счета: 123
2025-02-05 23:06:56,856 - masks - WARNING - Номер счета слишком короткий.
2025-02-05 23:06:56,856 - masks - DEBUG - Получен номер счета: 12
2025-02-05 23:06:56,856 - masks - WARNING - Номер счета слишком короткий.
2025-02-05 23:06:56,856 - masks - DEBUG - Получен номер счета: 1
2025-02-05 23:06:56,856 - masks - WARNING - Номер счета слишком короткий.
2025-02-05 23:06:56,856 - masks - DEBUG - Получен номер счета: 
2025-02-05 23:06:56,856 - masks - WARNING - Номер счета слишком короткий.
2025-02-05 23:06:56,884 - masks - DEBUG - Номер карты: 123456789012
2025-02-05 23:06:56,884 - masks - INFO - Сгенерирована маска номера карты: 1234 56** 9012
2025-02-05 23:06:56,884 - masks - DEBUG - Получен номер счета: 123456789012
2025-02-05 23:06:56,884 - masks - INFO - Сгенерирована маска номера счета: **9012
2025-02-05 23:06:56,884 - masks - DEBUG - Получен номер счета: 123
2025-02-05 23:06:56,884 - masks - WARNING - Номер счета слишком короткий.
2025-02-05 23:06:56,884 - masks - DEBUG - Номер карты: 12
2025-02-05 23:06:56,884 - masks - INFO - Сгенерирована маска номера карты: 12
2025-02-05 23:06:56,884 - masks - DEBUG - Номер карты: 1
2025-02-05 23:06:56,884 - masks - INFO - Сгенерирована маска номера карты: 1
2025-02-05 23:06:56,885 - masks - DEBUG - Номер карты: Счет
2025-02-05 23:06:56,885 - masks - INFO - Сгенерирована маска номера карты: Счет
